{
 "D": {
  "control": "D_random_real",
  "n_days_discovery": 2346,
  "n_eligible_days": 2325,
  "seeds": [
   4200,
   4201,
   4202,
   4203,
   4204,
   4205,
   4206,
   4207,
   4208,
   4209,
   4210,
   4211,
   4212,
   4213,
   4214,
   4215,
   4216,
   4217,
   4218,
   4219,
   4220,
   4221,
   4222,
   4223,
   4224,
   4225,
   4226,
   4227,
   4228,
   4229,
   4230,
   4231,
   4232,
   4233,
   4234,
   4235,
   4236,
   4237,
   4238,
   4239,
   4240,
   4241,
   4242,
   4243,
   4244,
   4245,
   4246,
   4247,
   4248,
   4249,
   4250,
   4251,
   4252,
   4253,
   4254,
   4255,
   4256,
   4257,
   4258,
   4259,
   4260,
   4261,
   4262,
   4263,
   4264,
   4265,
   4266,
   4267,
   4268,
   4269,
   4270,
   4271,
   4272,
   4273,
   4274,
   4275,
   4276,
   4277,
   4278,
   4279,
   4280,
   4281,
   4282,
   4283,
   4284,
   4285,
   4286,
   4287,
   4288,
   4289,
   4290,
   4291,
   4292,
   4293,
   4294,
   4295,
   4296,
   4297,
   4298,
   4299
  ],
  "n_perms": 100,
  "mean_of_perm_means_pips": -0.5049772043010609,
  "median_of_perm_means_pips": -0.5053118279569775,
  "p05_of_perm_means_pips": -1.0566903225806343,
  "p95_of_perm_means_pips": -0.024208602150542952,
  "mean_pf": 0.9154310142572075,
  "median_pf": 0.9138152518067337,
  "max_pf": 1.0668387199237674,
  "n_profitable_perms": 4,
  "n_pf_gt_1p20": 0,
  "avg_spread_at_entry_pips": 0.5572903225806212,
  "gates": {
   "grand_mean_negative": true,
   "p95_le_0p5_pip": true,
   "n_pf_gt_1p20_le_15": true
  },
  "PASS": true
 },
 "E": {
  "control": "E_lookahead_oracle (ORACLE_LOOKAHEAD_INVALID)",
  "pip_gate": 3.0,
  "n_days_used": 1836,
  "mean_pips": 13.278812636165595,
  "median_pips": 9.549999999999281,
  "profit_factor": 999.0,
  "win_rate": 1.0,
  "gates": {
   "mean_gt_5_pips": true,
   "pf_gt_2": true
  },
  "PASS": true
 },
 "F": {
  "control": "F_anti_oracle",
  "n_days_used": 1836,
  "mean_pips": -14.323965141612177,
  "median_pips": -10.599999999999499,
  "profit_factor": 0.0,
  "win_rate": 0.0,
  "gates": {
   "mean_lt_minus5_pips": true,
   "pf_lt_0p5": true
  },
  "PASS": true
 },
 "extractor_validation": {
  "n_days_checked": 212,
  "n_mismatches": 0,
  "mismatches": [],
  "PASS": true
 },
 "PASS": true
}
CONTROL_DEF_PASS
